// Jest Snapshot v1, https://goo.gl/fbAQLP

exports[`renders correctly 1`] = `
<RNCSafeAreaView
  onInsetsChange={[Function]}
  style={
    Object {
      "flex": 1,
    }
  }
>
  <View
    collapsable={true}
    onLayout={[Function]}
    removeClippedSubviews={false}
    style={
      Array [
        Object {
          "flex": 1,
          "overflow": "hidden",
        },
        Object {
          "overflow": "hidden",
        },
      ]
    }
  >
    <View
      pointerEvents="box-none"
      style={
        Object {
          "bottom": 0,
          "left": 0,
          "overflow": "hidden",
          "position": "absolute",
          "right": 0,
          "top": 0,
          "transform": Array [
            Object {
              "translateY": 0,
            },
          ],
        }
      }
    >
      <View
        accessibilityElementsHidden={false}
        closing={false}
        gestureVelocityImpact={0.3}
        importantForAccessibility="auto"
        onClose={[Function]}
        onGestureBegin={[Function]}
        onGestureCanceled={[Function]}
        onOpen={[Function]}
        onTransitionStart={[Function]}
        pointerEvents="box-none"
        style={
          Object {
            "bottom": 0,
            "left": 0,
            "position": "absolute",
            "right": 0,
            "top": 0,
          }
        }
        transitionSpec={
          Object {
            "close": Object {
              "animation": "spring",
              "config": Object {
                "damping": 500,
                "mass": 3,
                "overshootClamping": true,
                "restDisplacementThreshold": 0.01,
                "restSpeedThreshold": 0.01,
                "stiffness": 1000,
              },
            },
            "open": Object {
              "animation": "spring",
              "config": Object {
                "damping": 500,
                "mass": 3,
                "overshootClamping": true,
                "restDisplacementThreshold": 0.01,
                "restSpeedThreshold": 0.01,
                "stiffness": 1000,
              },
            },
          }
        }
      >
        <View
          pointerEvents="box-none"
          style={
            Object {
              "flex": 1,
            }
          }
        >
          <View
            collapsable={false}
            onGestureHandlerEvent={[Function]}
            onGestureHandlerStateChange={[Function]}
            style={
              Object {
                "flex": 1,
                "transform": Array [
                  Object {
                    "translateX": 0,
                  },
                  Object {
                    "translateX": 0,
                  },
                ],
              }
            }
          >
            <View
              pointerEvents="none"
              style={
                Object {
                  "backgroundColor": "#fff",
                  "bottom": 0,
                  "left": 0,
                  "position": "absolute",
                  "shadowColor": "#000",
                  "shadowOffset": Object {
                    "height": 1,
                    "width": -1,
                  },
                  "shadowOpacity": 0.3,
                  "shadowRadius": 5,
                  "top": 0,
                  "width": 3,
                }
              }
            />
            <View
              style={
                Array [
                  Object {
                    "flex": 1,
                    "overflow": "hidden",
                  },
                  Array [
                    Object {
                      "backgroundColor": "rgb(242, 242, 242)",
                    },
                    undefined,
                  ],
                ]
              }
            >
              <View
                style={
                  Object {
                    "flex": 1,
                    "flexDirection": "column-reverse",
                  }
                }
              >
                <View
                  style={
                    Object {
                      "flex": 1,
                    }
                  }
                >
                  <BVLinearGradient
                    className="Home__Background-sc-1pt85vm-0 gQDLG"
                    colors={
                      Array [
                        4280729517,
                        4280661802,
                      ]
                    }
                    endPoint={
                      Object {
                        "x": 0.5,
                        "y": 1,
                      }
                    }
                    locations={null}
                    startPoint={
                      Object {
                        "x": 0.5,
                        "y": 0,
                      }
                    }
                  >
                    <RCTSafeAreaView
                      className="Home__AppSafeAreaView-sc-1pt85vm-1 kMFeGL"
                      emulateUnlessSupported={true}
                    >
                      <Text
                        className="Home__MainText-sc-1pt85vm-2 dHotZI"
                      >
                        Stand Up
                      </Text>
                      <View
                        accessible={true}
                        focusable={true}
                        isTVSelectable={true}
                        onClick={[Function]}
                        onResponderGrant={[Function]}
                        onResponderMove={[Function]}
                        onResponderRelease={[Function]}
                        onResponderTerminate={[Function]}
                        onResponderTerminationRequest={[Function]}
                        onStartShouldSetResponder={[Function]}
                        style={
                          Object {
                            "bottom": "15%",
                            "opacity": 1,
                            "position": "absolute",
                          }
                        }
                      >
                        <Text
                          className="Button__StyledText-sc-1m7mjh8-1 lkjHpM"
                          componentTheme="dark"
                        >
                          Get Started
                        </Text>
                      </View>
                    </RCTSafeAreaView>
                  </BVLinearGradient>
                </View>
              </View>
            </View>
          </View>
        </View>
      </View>
    </View>
  </View>
  <View
    pointerEvents="box-none"
    style={
      Object {
        "left": 0,
        "position": "absolute",
        "right": 0,
        "top": 0,
      }
    }
  >
    <View
      accessibilityElementsHidden={false}
      importantForAccessibility="auto"
      onLayout={[Function]}
      pointerEvents="box-none"
      style={
        Object {
          "left": 0,
          "position": "absolute",
          "right": 0,
          "top": 0,
        }
      }
    />
  </View>
</RNCSafeAreaView>
`;
